[**] begin to exec protector
[**] optarg = rodata
[**] enc type = 1
[**] input file name = libelfhash.so, output file name = libelfhash.so.1
[**] mmap file in shem
[**] mmap file in shem addr = 0x80052be8, file length = 42468
[*] dyn sym addr = 0x00000114, sym tab size = 4096, entry size = 256
[*] dyn str addr = 0x00001114
[*] old .init_array size = 16
[*] init array count = 4
[+] old init array len in mem = 16
[+] init array off in file = 0x000097e0
[*] old rel dyn size = 00000a88
[*] new rel dyn size = 00000a90
[*] bss off = 0x0000a110, addr = 0x0000b110, size = 0x00000024
[**] alloc ElfEncRodataBuilder
[*] bss off = 0x0000a110, new init array off = 0x0000a144, add size = 52
[*] new init array len in mem = 20
[*] new init array tail off = 0x0000a158
[*] align4 off = 0x0000a158
[*] new reldyn off = 0x0000a168
[+] shell code size = 108
[*] new rodata shell code size = 120
[*] bss shdr size = 36
[*] bss shdr align4 size = 36
[*] add 16 bit size = 52
[*] add new init array size = 72
[*] align4 size = 72
[*] add 16 bit size = 88
[*] old reldyn size = 2696, count = 337
[*] new reldyn size = 2704, count = 338
[*] add new rel dyn size = 2792
[*] align4 size = 2792
[*] add 16 bit size = 2808
[*] shell code size = 120
[*] add shell size = 2928
[*] align 4 = 2928
[*] add 32 bit size = 2960
[*] added size = 2960, align4 added size = 2960
[*] new reldyn tail off = 0x0000abf8
[*] align4 offset = 0x0000abf8
[*] add 16 bit off = 0x0000ac08
[*] mem addr - file off = 0x00001000
[*] vaddr = 0x00001000, shellcode off = 0x0000bc08
[*] set shell code addr = 0x0000bc08
[*] set rodata addr = 0x00008018
[*] set rodata len = 0x00000a94
[*] param rodataaddr = 0x00008018
[*] param rodatalen = 0x00000a94
[*] param shellcodeaddr = 0x0000bc08
[*] append data after shell code
[++] begin to rebuild
[*] begin to build new section
[*] fill bss section success
[*] shell code addr = 0x0000bc08
[*] add new init array ptr = 0x0000bc08
[*] add new init array len = 4
[*] fill new init array data
[*] new init array size = 20, init array step = 20
[*] after init array, fill 16 bits 0
[*] begin to fill new reldyn
[*] REL init array off = 0x0000b144
[*] old init array vm addr = 0x0000a7e0
[*] reldyn elements size = 338
[*] REL old init_array [0] r_offset = 0x0000a7e0
[*] REL new init_array [0] r_offset = 0x0000b148
[*] REL old init_array [1] r_offset = 0x0000a7e4
[*] REL new init_array [1] r_offset = 0x0000b14c
[*] REL old init_array [2] r_offset = 0x0000a7e8
[*] REL new init_array [2] r_offset = 0x0000b150
[*] new rel.dyn size = 2704, step = 2704
[*] end   to fill new reldyn
[*] begin to fill new shellcode
[*] end   to fill new shellcode
[*] old ehdr e_shoff = 0x0000a24c
[*] new ehdr e_shoff = 0x0000addc
[*] old bss sh_type = 0x00000008
[*] new bss sh_type = 0x00000001
[*] .comment section sh_offset = 0x0000a110
[*] .comment after section sh_offset = 0x0000aca0
[*] .note.gnu.gold-version section sh_offset = 0x0000a138
[*] .note.gnu.gold-version after section sh_offset = 0x0000acc8
[*] .ARM.attributes section sh_offset = 0x0000a154
[*] .ARM.attributes after section sh_offset = 0x0000ace4
[*] .shstrtab section sh_offset = 0x0000a181
[*] .shstrtab after section sh_offset = 0x0000ad11
[*] old init array = 0x000097e0
[*] new init array = 0x0000a144
[*] init array added = 0x00000964
[*] old init array sh_addr = 0x0000a7e0, sh_off = 0x000097e0, sh_size = 16
[*] new init array sh_addr = 0x0000b144, sh_off = 0x0000a144, sh_size = 20
[*] dynamic old init array ptr = 0x0000a7e0, size = 16
[*] dynamic new init array ptr = 0x0000b144, size = 20
[*] reldyn added = 0x00007d10
[*] old rel dyn sh_addr = 0x00002458, sh_off = 0x00002458, sh_size = 2696
[*] new rel dyn sh_addr = 0x0000b168, sh_off = 0x0000a168, sh_size = 2704
[*] old dynamic, reldyn off = 0x00002458
[*] new dynamic, reldyn off = 0x0000b168
[*] old dynamic, reldyn size = 0x00000a88
[*] new dynamic, reldyn size = 0x00000a90
[*] phdr pt_load2 info: off = 0x000097d8, virtAddr = 0x0000a7d8, physAddr = 0x0000a7d8, fileSiz = 0x00000938, memSiz = 0x0000095c, flg = 00000006
[*] phdr pt_load2 add =0x00000b90
[*] phdr after pt_load2 info: off = 0x000097d8, virtAddr = 0x0000a7d8, physAddr = 0x0000a7d8, fileSiz = 0x000014c8, memSiz = 0x000014ec, flg = 00000007
[*] old file size = 42468, new file size = 45428
[*] align4 fill size = 45428, fill 0 size = 0 
[++] end   to rebuild
[**] release file in shem
[**] end to exec protector
