[**] begin to exec protector
[**] optarg = rodata
[**] enc type = 1
[**] input file name = libelfhash.so.1, output file name = libelfhash.so.1.1
[**] mmap file in shem
[**] mmap file in shem addr = 0x80052be8, file length = 45428
[*] dyn sym addr = 0x00000114, sym tab size = 4096, entry size = 256
[*] dyn str addr = 0x00001114
[*] old .init_array size = 20
[*] init array count = 5
[+] old init array len in mem = 20
[+] init array off in file = 0x0000a144
[*] old rel dyn size = 00000a90
[*] new rel dyn size = 00000a98
[*] bss off = 0x0000a110, addr = 0x0000b110, size = 0x00000024
[*] .rel.dyn elements size = 338
[*] .rel.dyn [0] = 0x0000b144
[*] .rel.dyn [1] = 0x0000a7d8
[*] .rel.dyn [2] = 0x0000b148
[*] .rel.dyn [3] = 0x0000b14c
[*] .rel.dyn [4] = 0x0000b150
[*] .rel.dyn [5] = 0x0000a7f0
[*] .rel.dyn [6] = 0x0000a7f4
[*] .rel.dyn [7] = 0x0000a7fc
[*] .rel.dyn [8] = 0x0000a800
[*] .rel.dyn [9] = 0x0000a804
[*] .rel.dyn [10] = 0x0000a80c
[*] .rel.dyn [11] = 0x0000a810
[*] .rel.dyn [12] = 0x0000a814
[*] .rel.dyn [13] = 0x0000a818
[*] .rel.dyn [14] = 0x0000a81c
[*] .rel.dyn [15] = 0x0000a820
[*] .rel.dyn [16] = 0x0000a828
[*] .rel.dyn [17] = 0x0000a82c
[*] .rel.dyn [18] = 0x0000a830
[*] .rel.dyn [19] = 0x0000a83c
[*] .rel.dyn [20] = 0x0000a840
[*] .rel.dyn [21] = 0x0000a844
[*] .rel.dyn [22] = 0x0000a848
[*] .rel.dyn [23] = 0x0000a850
[*] .rel.dyn [24] = 0x0000a854
[*] .rel.dyn [25] = 0x0000a858
[*] .rel.dyn [26] = 0x0000a85c
[*] .rel.dyn [27] = 0x0000a860
[*] .rel.dyn [28] = 0x0000a864
[*] .rel.dyn [29] = 0x0000a86c
[*] .rel.dyn [30] = 0x0000a870
[*] .rel.dyn [31] = 0x0000a874
[*] .rel.dyn [32] = 0x0000a878
[*] .rel.dyn [33] = 0x0000a880
[*] .rel.dyn [34] = 0x0000a884
[*] .rel.dyn [35] = 0x0000a888
[*] .rel.dyn [36] = 0x0000a894
[*] .rel.dyn [37] = 0x0000a898
[*] .rel.dyn [38] = 0x0000a89c
[*] .rel.dyn [39] = 0x0000a8a0
[*] .rel.dyn [40] = 0x0000a8a8
[*] .rel.dyn [41] = 0x0000a8ac
[*] .rel.dyn [42] = 0x0000a8b0
[*] .rel.dyn [43] = 0x0000a8bc
[*] .rel.dyn [44] = 0x0000a8c0
[*] .rel.dyn [45] = 0x0000a8c4
[*] .rel.dyn [46] = 0x0000a8c8
[*] .rel.dyn [47] = 0x0000a8cc
[*] .rel.dyn [48] = 0x0000a8d0
[*] .rel.dyn [49] = 0x0000a8dc
[*] .rel.dyn [50] = 0x0000a8e0
[*] .rel.dyn [51] = 0x0000a8e4
[*] .rel.dyn [52] = 0x0000a8e8
[*] .rel.dyn [53] = 0x0000a8ec
[*] .rel.dyn [54] = 0x0000a8f0
[*] .rel.dyn [55] = 0x0000a8f8
[*] .rel.dyn [56] = 0x0000a8fc
[*] .rel.dyn [57] = 0x0000a900
[*] .rel.dyn [58] = 0x0000a90c
[*] .rel.dyn [59] = 0x0000a910
[*] .rel.dyn [60] = 0x0000a914
[*] .rel.dyn [61] = 0x0000a918
[*] .rel.dyn [62] = 0x0000a924
[*] .rel.dyn [63] = 0x0000a928
[*] .rel.dyn [64] = 0x0000a92c
[*] .rel.dyn [65] = 0x0000a930
[*] .rel.dyn [66] = 0x0000a934
[*] .rel.dyn [67] = 0x0000a938
[*] .rel.dyn [68] = 0x0000a944
[*] .rel.dyn [69] = 0x0000a948
[*] .rel.dyn [70] = 0x0000a94c
[*] .rel.dyn [71] = 0x0000a950
[*] .rel.dyn [72] = 0x0000a958
[*] .rel.dyn [73] = 0x0000a95c
[*] .rel.dyn [74] = 0x0000a960
[*] .rel.dyn [75] = 0x0000a964
[*] .rel.dyn [76] = 0x0000a968
[*] .rel.dyn [77] = 0x0000a974
[*] .rel.dyn [78] = 0x0000a978
[*] .rel.dyn [79] = 0x0000a97c
[*] .rel.dyn [80] = 0x0000a980
[*] .rel.dyn [81] = 0x0000a984
[*] .rel.dyn [82] = 0x0000a988
[*] .rel.dyn [83] = 0x0000a990
[*] .rel.dyn [84] = 0x0000a994
[*] .rel.dyn [85] = 0x0000a998
[*] .rel.dyn [86] = 0x0000a99c
[*] .rel.dyn [87] = 0x0000a9a0
[*] .rel.dyn [88] = 0x0000a9ac
[*] .rel.dyn [89] = 0x0000a9b0
[*] .rel.dyn [90] = 0x0000a9b4
[*] .rel.dyn [91] = 0x0000a9b8
[*] .rel.dyn [92] = 0x0000a9c0
[*] .rel.dyn [93] = 0x0000a9c4
[*] .rel.dyn [94] = 0x0000a9c8
[*] .rel.dyn [95] = 0x0000a9d4
[*] .rel.dyn [96] = 0x0000a9d8
[*] .rel.dyn [97] = 0x0000a9dc
[*] .rel.dyn [98] = 0x0000a9e0
[*] .rel.dyn [99] = 0x0000a9ec
[*] .rel.dyn [100] = 0x0000a9f0
[*] .rel.dyn [101] = 0x0000a9f4
[*] .rel.dyn [102] = 0x0000a9f8
[*] .rel.dyn [103] = 0x0000aa00
[*] .rel.dyn [104] = 0x0000aa04
[*] .rel.dyn [105] = 0x0000aa08
[*] .rel.dyn [106] = 0x0000aa0c
[*] .rel.dyn [107] = 0x0000aa10
[*] .rel.dyn [108] = 0x0000aa18
[*] .rel.dyn [109] = 0x0000aa1c
[*] .rel.dyn [110] = 0x0000aa20
[*] .rel.dyn [111] = 0x0000aa28
[*] .rel.dyn [112] = 0x0000aa2c
[*] .rel.dyn [113] = 0x0000aa30
[*] .rel.dyn [114] = 0x0000aa34
[*] .rel.dyn [115] = 0x0000aa38
[*] .rel.dyn [116] = 0x0000aa40
[*] .rel.dyn [117] = 0x0000aa44
[*] .rel.dyn [118] = 0x0000aa48
[*] .rel.dyn [119] = 0x0000aa50
[*] .rel.dyn [120] = 0x0000aa54
[*] .rel.dyn [121] = 0x0000aa58
[*] .rel.dyn [122] = 0x0000aa5c
[*] .rel.dyn [123] = 0x0000aa60
[*] .rel.dyn [124] = 0x0000aa68
[*] .rel.dyn [125] = 0x0000aa6c
[*] .rel.dyn [126] = 0x0000aa70
[*] .rel.dyn [127] = 0x0000aa78
[*] .rel.dyn [128] = 0x0000aa7c
[*] .rel.dyn [129] = 0x0000aa80
[*] .rel.dyn [130] = 0x0000aa84
[*] .rel.dyn [131] = 0x0000aa88
[*] .rel.dyn [132] = 0x0000aa90
[*] .rel.dyn [133] = 0x0000aa94
[*] .rel.dyn [134] = 0x0000aa98
[*] .rel.dyn [135] = 0x0000aaa0
[*] .rel.dyn [136] = 0x0000aaa4
[*] .rel.dyn [137] = 0x0000aaa8
[*] .rel.dyn [138] = 0x0000aaac
[*] .rel.dyn [139] = 0x0000aab0
[*] .rel.dyn [140] = 0x0000aab8
[*] .rel.dyn [141] = 0x0000aabc
[*] .rel.dyn [142] = 0x0000aac0
[*] .rel.dyn [143] = 0x0000aac8
[*] .rel.dyn [144] = 0x0000aacc
[*] .rel.dyn [145] = 0x0000aad0
[*] .rel.dyn [146] = 0x0000aad4
[*] .rel.dyn [147] = 0x0000aad8
[*] .rel.dyn [148] = 0x0000aae0
[*] .rel.dyn [149] = 0x0000aae4
[*] .rel.dyn [150] = 0x0000aae8
[*] .rel.dyn [151] = 0x0000aaf0
[*] .rel.dyn [152] = 0x0000aaf4
[*] .rel.dyn [153] = 0x0000aaf8
[*] .rel.dyn [154] = 0x0000aafc
[*] .rel.dyn [155] = 0x0000ab00
[*] .rel.dyn [156] = 0x0000ab08
[*] .rel.dyn [157] = 0x0000ab0c
[*] .rel.dyn [158] = 0x0000ab10
[*] .rel.dyn [159] = 0x0000ab18
[*] .rel.dyn [160] = 0x0000ab1c
[*] .rel.dyn [161] = 0x0000ab20
[*] .rel.dyn [162] = 0x0000ab24
[*] .rel.dyn [163] = 0x0000ab28
[*] .rel.dyn [164] = 0x0000ab30
[*] .rel.dyn [165] = 0x0000ab34
[*] .rel.dyn [166] = 0x0000ab38
[*] .rel.dyn [167] = 0x0000ab40
[*] .rel.dyn [168] = 0x0000ab44
[*] .rel.dyn [169] = 0x0000ab48
[*] .rel.dyn [170] = 0x0000ab4c
[*] .rel.dyn [171] = 0x0000ab50
[*] .rel.dyn [172] = 0x0000ab58
[*] .rel.dyn [173] = 0x0000ab5c
[*] .rel.dyn [174] = 0x0000ab60
[*] .rel.dyn [175] = 0x0000ab68
[*] .rel.dyn [176] = 0x0000ab6c
[*] .rel.dyn [177] = 0x0000ab70
[*] .rel.dyn [178] = 0x0000ab74
[*] .rel.dyn [179] = 0x0000ab78
[*] .rel.dyn [180] = 0x0000ab80
[*] .rel.dyn [181] = 0x0000ab84
[*] .rel.dyn [182] = 0x0000ab88
[*] .rel.dyn [183] = 0x0000ab90
[*] .rel.dyn [184] = 0x0000ab94
[*] .rel.dyn [185] = 0x0000ab98
[*] .rel.dyn [186] = 0x0000ab9c
[*] .rel.dyn [187] = 0x0000aba0
[*] .rel.dyn [188] = 0x0000aba8
[*] .rel.dyn [189] = 0x0000abac
[*] .rel.dyn [190] = 0x0000abb0
[*] .rel.dyn [191] = 0x0000abb8
[*] .rel.dyn [192] = 0x0000abbc
[*] .rel.dyn [193] = 0x0000abc0
[*] .rel.dyn [194] = 0x0000abc4
[*] .rel.dyn [195] = 0x0000abc8
[*] .rel.dyn [196] = 0x0000abd0
[*] .rel.dyn [197] = 0x0000abd4
[*] .rel.dyn [198] = 0x0000abd8
[*] .rel.dyn [199] = 0x0000abe0
[*] .rel.dyn [200] = 0x0000abe4
[*] .rel.dyn [201] = 0x0000abe8
[*] .rel.dyn [202] = 0x0000abec
[*] .rel.dyn [203] = 0x0000abf0
[*] .rel.dyn [204] = 0x0000abf8
[*] .rel.dyn [205] = 0x0000abfc
[*] .rel.dyn [206] = 0x0000ac00
[*] .rel.dyn [207] = 0x0000ac08
[*] .rel.dyn [208] = 0x0000ac0c
[*] .rel.dyn [209] = 0x0000ac10
[*] .rel.dyn [210] = 0x0000ac14
[*] .rel.dyn [211] = 0x0000ac18
[*] .rel.dyn [212] = 0x0000ac20
[*] .rel.dyn [213] = 0x0000ac24
[*] .rel.dyn [214] = 0x0000ac28
[*] .rel.dyn [215] = 0x0000ac30
[*] .rel.dyn [216] = 0x0000ac34
[*] .rel.dyn [217] = 0x0000ac38
[*] .rel.dyn [218] = 0x0000ac3c
[*] .rel.dyn [219] = 0x0000ac40
[*] .rel.dyn [220] = 0x0000ac48
[*] .rel.dyn [221] = 0x0000ac4c
[*] .rel.dyn [222] = 0x0000ac50
[*] .rel.dyn [223] = 0x0000ac58
[*] .rel.dyn [224] = 0x0000ac5c
[*] .rel.dyn [225] = 0x0000ac60
[*] .rel.dyn [226] = 0x0000ac64
[*] .rel.dyn [227] = 0x0000ac68
[*] .rel.dyn [228] = 0x0000ac70
[*] .rel.dyn [229] = 0x0000ac74
[*] .rel.dyn [230] = 0x0000ac78
[*] .rel.dyn [231] = 0x0000ac80
[*] .rel.dyn [232] = 0x0000ac84
[*] .rel.dyn [233] = 0x0000ac88
[*] .rel.dyn [234] = 0x0000ac8c
[*] .rel.dyn [235] = 0x0000ac90
[*] .rel.dyn [236] = 0x0000ac98
[*] .rel.dyn [237] = 0x0000ac9c
[*] .rel.dyn [238] = 0x0000aca0
[*] .rel.dyn [239] = 0x0000aca8
[*] .rel.dyn [240] = 0x0000acac
[*] .rel.dyn [241] = 0x0000acb0
[*] .rel.dyn [242] = 0x0000acb4
[*] .rel.dyn [243] = 0x0000acb8
[*] .rel.dyn [244] = 0x0000acc0
[*] .rel.dyn [245] = 0x0000acc4
[*] .rel.dyn [246] = 0x0000acc8
[*] .rel.dyn [247] = 0x0000acd0
[*] .rel.dyn [248] = 0x0000acd4
[*] .rel.dyn [249] = 0x0000acd8
[*] .rel.dyn [250] = 0x0000acdc
[*] .rel.dyn [251] = 0x0000ace0
[*] .rel.dyn [252] = 0x0000ace8
[*] .rel.dyn [253] = 0x0000acec
[*] .rel.dyn [254] = 0x0000acf0
[*] .rel.dyn [255] = 0x0000acf8
[*] .rel.dyn [256] = 0x0000acfc
[*] .rel.dyn [257] = 0x0000ad00
[*] .rel.dyn [258] = 0x0000ad04
[*] .rel.dyn [259] = 0x0000ad08
[*] .rel.dyn [260] = 0x0000ad10
[*] .rel.dyn [261] = 0x0000ad14
[*] .rel.dyn [262] = 0x0000ad18
[*] .rel.dyn [263] = 0x0000ad20
[*] .rel.dyn [264] = 0x0000ad24
[*] .rel.dyn [265] = 0x0000ad28
[*] .rel.dyn [266] = 0x0000ad2c
[*] .rel.dyn [267] = 0x0000ad30
[*] .rel.dyn [268] = 0x0000ad38
[*] .rel.dyn [269] = 0x0000ad3c
[*] .rel.dyn [270] = 0x0000ad40
[*] .rel.dyn [271] = 0x0000ad48
[*] .rel.dyn [272] = 0x0000ad4c
[*] .rel.dyn [273] = 0x0000ad50
[*] .rel.dyn [274] = 0x0000ad54
[*] .rel.dyn [275] = 0x0000ad58
[*] .rel.dyn [276] = 0x0000ad60
[*] .rel.dyn [277] = 0x0000ad64
[*] .rel.dyn [278] = 0x0000ad68
[*] .rel.dyn [279] = 0x0000ad70
[*] .rel.dyn [280] = 0x0000ad74
[*] .rel.dyn [281] = 0x0000ad78
[*] .rel.dyn [282] = 0x0000ad7c
[*] .rel.dyn [283] = 0x0000ad80
[*] .rel.dyn [284] = 0x0000ad88
[*] .rel.dyn [285] = 0x0000ad8c
[*] .rel.dyn [286] = 0x0000ad90
[*] .rel.dyn [287] = 0x0000ad98
[*] .rel.dyn [288] = 0x0000ad9c
[*] .rel.dyn [289] = 0x0000ada0
[*] .rel.dyn [290] = 0x0000adac
[*] .rel.dyn [291] = 0x0000adb0
[*] .rel.dyn [292] = 0x0000adb4
[*] .rel.dyn [293] = 0x0000adb8
[*] .rel.dyn [294] = 0x0000adc0
[*] .rel.dyn [295] = 0x0000adc4
[*] .rel.dyn [296] = 0x0000adc8
[*] .rel.dyn [297] = 0x0000add4
[*] .rel.dyn [298] = 0x0000add8
[*] .rel.dyn [299] = 0x0000addc
[*] .rel.dyn [300] = 0x0000ade0
[*] .rel.dyn [301] = 0x0000ade4
[*] .rel.dyn [302] = 0x0000ade8
[*] .rel.dyn [303] = 0x0000adf0
[*] .rel.dyn [304] = 0x0000adf4
[*] .rel.dyn [305] = 0x0000adf8
[*] .rel.dyn [306] = 0x0000aefc
[*] .rel.dyn [307] = 0x0000af00
[*] .rel.dyn [308] = 0x0000af04
[*] .rel.dyn [309] = 0x0000af0c
[*] .rel.dyn [310] = 0x0000af10
[*] .rel.dyn [311] = 0x0000af14
[*] .rel.dyn [312] = 0x0000af1c
[*] .rel.dyn [313] = 0x0000af20
[*] .rel.dyn [314] = 0x0000af24
[*] .rel.dyn [315] = 0x0000af28
[*] .rel.dyn [316] = 0x0000af2c
[*] .rel.dyn [317] = 0x0000af30
[*] .rel.dyn [318] = 0x0000af34
[*] .rel.dyn [319] = 0x0000af38
[*] .rel.dyn [320] = 0x0000af3c
[*] .rel.dyn [321] = 0x0000af40
[*] .rel.dyn [322] = 0x0000af44
[*] .rel.dyn [323] = 0x0000af48
[*] .rel.dyn [324] = 0x0000af50
[*] .rel.dyn [325] = 0x0000af54
[*] .rel.dyn [326] = 0x0000af58
[*] .rel.dyn [327] = 0x0000af5c
[*] .rel.dyn [328] = 0x0000af60
[*] .rel.dyn [329] = 0x0000af64
[*] .rel.dyn [330] = 0x0000b004
[*] .rel.dyn [331] = 0x0000b008
[*] .rel.dyn [332] = 0x0000b00c
[*] .rel.dyn [333] = 0x0000b08c
[*] .rel.dyn [334] = 0x0000b090
[*] .rel.dyn [335] = 0x0000af08
[*] .rel.dyn [336] = 0x0000af18
[*] .rel.dyn [337] = 0x0000af4c
[**] release file in shem
[**] end to exec protector
